{
  "seed": 20260730,
  "null_model": "independent chi-square(1) T2 and SPE statistic pairs",
  "n0": 200,
  "horizon": 5000,
  "replications": 4000,
  "alpha_T2": 0.01,
  "alpha_SPE": 0.01,
  "threshold_rule": "k=ceil((1-alpha)n0) empirical order statistic",
  "literal_live_claim_bound": 251.0,
  "source_finite_sample_corollary_bound": 234.38870431893687,
  "ordinary": {
    "mean_monitoring_run_length": 40.4,
    "mean_global_arl_proxy": 241.4,
    "first_20_alarm_times": [
      6,
      17,
      33,
      4,
      8,
      45,
      6,
      27,
      51,
      3,
      33,
      3,
      5,
      8,
      19,
      11,
      12,
      30,
      101,
      144
    ],
    "fraction_censored_at_horizon": 0.0
  },
  "miscalibrated_half_threshold_control": {
    "mean_monitoring_run_length": 6.556,
    "mean_global_arl_proxy": 207.556,
    "first_20_alarm_times": [
      9,
      2,
      2,
      13,
      7,
      1,
      4,
      7,
      3,
      6,
      2,
      2,
      2,
      7,
      2,
      1,
      4,
      9,
      8,
      8
    ]
  }
}
