Phase I mean : [0.011927637436783494 -0.019890217734035973 -0.004742545414234249
 0.013883227043353406 0.011601960917198614]
Phase II IC mean (before): [-0.0014007905510594668 -0.005627866424204975 0.015844501704947056
 -0.00903950241341916 0.01477285691520893]
Shift to apply: [0.01332842798784296 -0.014262351309830997 -0.020587047119181304
 0.022922729456772567 -0.0031708959980103167]
Phase II IC mean (after): [0.01192763743678351 -0.019890217734035914 -0.004742545414234152
 0.013883227043353508 0.011601960917198654]
Phase I mean : [-0.009132106828378467 -0.0018139168012310091 0.013198289452713322
 -0.01768811265232371 0.01857197884735076]
Phase II IC mean (before): [0.006530728536203042 0.004862822475305173 0.0015584520328308304
 -0.00013558356679176794 0.017410438721493077]
Shift to apply: [-0.01566283536458151 -0.006676739276536182 0.011639837419882492
 -0.017552529085531943 0.001161540125857681]
Phase II IC mean (after): [-0.009132106828378459 -0.0018139168012310288 0.013198289452713384
 -0.017688112652323635 0.018571978847350807]
Phase I mean : [0.012405492356084177 0.013159500650104227 -0.009909719519280052
 0.01606045544947512 -0.011355752500589887]
Phase II IC mean (before): [0.012099572955417772 0.017287200884183732 0.009740764375076762
 -0.00548225991701013 0.015409001979729055]
Shift to apply: [0.00030591940066640455 -0.0041277002340795056 -0.019650483894356814
 0.021542715366485252 -0.026764754480318943]
Phase II IC mean (after): [0.012405492356084184 0.013159500650104189 -0.009909719519280078
 0.016060455449475063 -0.011355752500589976]
Phase I mean : [0.02293998398851164 0.0026236703379604537 0.0022747297418031953
 0.009607225773393194 0.005915364385774718]
Phase II IC mean (before): [-0.014248378195518666 0.0067273027363943545 0.002952805615272606
 -0.013375125790676642 -0.017971661589800295]
Shift to apply: [0.03718836218403031 -0.004103632398433901 -0.0006780758734694107
 0.022982351564069838 0.023887025975575012]
Phase II IC mean (after): [0.02293998398851172 0.0026236703379605183 0.0022747297418031116
 0.009607225773393216 0.005915364385774633]
Phase I mean : [-0.012576821024936565 0.0036870908757692454 0.02586383690156395
 -0.033573019810338535 0.005338799418995503]
Phase II IC mean (before): [-0.02063344407454519 0.022408874611692484 0.011657355537747499
 -0.007074939215806412 0.023607596407181665]
Shift to apply: [0.008056623049608625 -0.018721783735923238 0.014206481363816451
 -0.02649808059453212 -0.01826879698818616]
Phase II IC mean (after): [-0.012576821024936503 0.0036870908757690763 0.025863836901563998
 -0.03357301981033881 0.005338799418995626]
Phase I mean : [0.012363058211260741 -0.0037126878681050285 -0.02405358325119284
 -0.02569944517789967 0.022615437808827802]
Phase II IC mean (before): [-0.03816870038677626 -0.003696796974855022 0.00127847711055644
 0.007765520021668845 -0.007778309939768212]
Shift to apply: [0.050531758598037 -1.589089325000669e-05 -0.02533206036174928
 -0.033464965199568514 0.030393747748596014]
Phase II IC mean (after): [0.012363058211260665 -0.0037126878681050385 -0.02405358325119267
 -0.02569944517789989 0.0226154378088279]
Phase I mean : [-0.0023231588480459356 0.009907036130737212 -0.007693060397845913
 0.010316926124893211 -0.01592061864173674]
Phase II IC mean (before): [0.007038917168984303 0.0005710039508671819 -0.016802710297215806
 -0.014435989473652606 -0.017397898784592778]
Shift to apply: [-0.009362076017030239 0.00933603217987003 0.009109649899369892
 0.024752915598545817 0.001477280142856037]
Phase II IC mean (after): [-0.0023231588480460454 0.009907036130737186 -0.007693060397846017
 0.01031692612489307 -0.01592061864173683]
Phase I mean : [0.024168286459916307 0.02307964659485828 0.01208348848729857
 0.005909398041083268 -0.018670481969693342]
Phase II IC mean (before): [-0.007337740230328565 0.006728199280835842 0.0055841486656986496
 0.011717725393914951 0.008868597535090502]
Shift to apply: [0.031506026690244875 0.016351447314022438 0.00649933982159992
 -0.005808327352831683 -0.027539079504783844]
Phase II IC mean (after): [0.024168286459916196 0.023079646594858075 0.012083488487298651
 0.0059093980410832745 -0.018670481969693307]
Phase I mean : [0.01765712047705111 0.007706840557391701 -0.0025114493314183184
 -0.0071630971580865605 -0.038582955779100724]
Phase II IC mean (before): [-0.009225363789464171 0.004399380598141172 0.005680633349022742
 -0.005339052853756769 -0.0014627056685392352]
Shift to apply: [0.02688248426651528 0.0033074599592505293 -0.008192082680441061
 -0.0018240443043297918 -0.03712025011056149]
Phase II IC mean (after): [0.017657120477051178 0.007706840557391735 -0.0025114493314182737
 -0.007163097158086467 -0.03858295577910061]
Phase I mean : [-0.00121143592146838 0.008288378252794545 -0.011942690152173653
 -0.016841761966963693 -0.004145887942240298]
Phase II IC mean (before): [0.020432309139056058 -0.007542729570748027 -0.024294631122990653
 -0.00767644134047763 -0.005989046579149686]
Shift to apply: [-0.02164374506052444 0.01583110782354257 0.012351940970817
 -0.009165320626486064 0.0018431586369093882]
Phase II IC mean (after): [-0.0012114359214685636 0.008288378252794578 -0.011942690152173734
 -0.016841761966963603 -0.0041458879422402025]
{
  "max_high_variance_reduction_percent": 72.5,
  "max_high_variance_row": {
    "d": 5,
    "sigma": 2.0,
    "delta": 0.5,
    "ours": 1.1,
    "best_logkde": 4.0,
    "reduction_fraction": 0.725
  },
  "rscript_available": false,
  "generated_replicates": 10
}
