BEWARE: your OS is not officially supported by Playwright; downloading fallback build for ubuntu24.04-x64.
Downloading Chrome for Testing 149.0.7827.55 (playwright chromium v1228)[2m from https://cdn.playwright.dev/builds/cft/149.0.7827.55/linux64/chrome-linux64.zip[22m
|                                                                                |   0% of 177 MiB
|■■■■■■■■                                                                        |  10% of 177 MiB
|■■■■■■■■■■■■■■■■                                                                |  20% of 177 MiB
|■■■■■■■■■■■■■■■■■■■■■■■■                                                        |  30% of 177 MiB
|■■■■■■■■■■■■■■■■■■■■■■■■■■■■■■■■                                                |  40% of 177 MiB
|■■■■■■■■■■■■■■■■■■■■■■■■■■■■■■■■■■■■■■■■                                        |  50% of 177 MiB
|■■■■■■■■■■■■■■■■■■■■■■■■■■■■■■■■■■■■■■■■■■■■■■■■                                |  60% of 177 MiB
|■■■■■■■■■■■■■■■■■■■■■■■■■■■■■■■■■■■■■■■■■■■■■■■■■■■■■■■■                        |  70% of 177 MiB
|■■■■■■■■■■■■■■■■■■■■■■■■■■■■■■■■■■■■■■■■■■■■■■■■■■■■■■■■■■■■■■■■                |  80% of 177 MiB
|■■■■■■■■■■■■■■■■■■■■■■■■■■■■■■■■■■■■■■■■■■■■■■■■■■■■■■■■■■■■■■■■■■■■■■■■        |  90% of 177 MiB
|■■■■■■■■■■■■■■■■■■■■■■■■■■■■■■■■■■■■■■■■■■■■■■■■■■■■■■■■■■■■■■■■■■■■■■■■■■■■■■■■| 100% of 177 MiB
Chrome for Testing 149.0.7827.55 (playwright chromium v1228) downloaded to /home/dineshai/.cache/ms-playwright/chromium-1228
BEWARE: your OS is not officially supported by Playwright; downloading fallback build for ubuntu24.04-x64.
Downloading FFmpeg (playwright ffmpeg v1011)[2m from https://cdn.playwright.dev/dbazure/download/playwright/builds/ffmpeg/1011/ffmpeg-linux.zip[22m
|                                                                                |   0% of 2.3 MiB
|■■■■■■■■                                                                        |  10% of 2.3 MiB
|■■■■■■■■■■■■■■■■                                                                |  20% of 2.3 MiB
|■■■■■■■■■■■■■■■■■■■■■■■■                                                        |  30% of 2.3 MiB
|■■■■■■■■■■■■■■■■■■■■■■■■■■■■■■■■                                                |  40% of 2.3 MiB
|■■■■■■■■■■■■■■■■■■■■■■■■■■■■■■■■■■■■■■■■                                        |  50% of 2.3 MiB
|■■■■■■■■■■■■■■■■■■■■■■■■■■■■■■■■■■■■■■■■■■■■■■■■                                |  60% of 2.3 MiB
|■■■■■■■■■■■■■■■■■■■■■■■■■■■■■■■■■■■■■■■■■■■■■■■■■■■■■■■■                        |  70% of 2.3 MiB
|■■■■■■■■■■■■■■■■■■■■■■■■■■■■■■■■■■■■■■■■■■■■■■■■■■■■■■■■■■■■■■■■                |  80% of 2.3 MiB
|■■■■■■■■■■■■■■■■■■■■■■■■■■■■■■■■■■■■■■■■■■■■■■■■■■■■■■■■■■■■■■■■■■■■■■■■        |  90% of 2.3 MiB
|■■■■■■■■■■■■■■■■■■■■■■■■■■■■■■■■■■■■■■■■■■■■■■■■■■■■■■■■■■■■■■■■■■■■■■■■■■■■■■■■| 100% of 2.3 MiB
FFmpeg (playwright ffmpeg v1011) downloaded to /home/dineshai/.cache/ms-playwright/ffmpeg-1011
BEWARE: your OS is not officially supported by Playwright; downloading fallback build for ubuntu24.04-x64.
Downloading Chrome Headless Shell 149.0.7827.55 (playwright chromium-headless-shell v1228)[2m from https://cdn.playwright.dev/builds/cft/149.0.7827.55/linux64/chrome-headless-shell-linux64.zip[22m
|                                                                                |   0% of 114.2 MiB
|■■■■■■■■                                                                        |  10% of 114.2 MiB
|■■■■■■■■■■■■■■■■                                                                |  20% of 114.2 MiB
|■■■■■■■■■■■■■■■■■■■■■■■■                                                        |  30% of 114.2 MiB
|■■■■■■■■■■■■■■■■■■■■■■■■■■■■■■■■                                                |  40% of 114.2 MiB
|■■■■■■■■■■■■■■■■■■■■■■■■■■■■■■■■■■■■■■■■                                        |  50% of 114.2 MiB
|■■■■■■■■■■■■■■■■■■■■■■■■■■■■■■■■■■■■■■■■■■■■■■■■                                |  60% of 114.2 MiB
|■■■■■■■■■■■■■■■■■■■■■■■■■■■■■■■■■■■■■■■■■■■■■■■■■■■■■■■■                        |  70% of 114.2 MiB
|■■■■■■■■■■■■■■■■■■■■■■■■■■■■■■■■■■■■■■■■■■■■■■■■■■■■■■■■■■■■■■■■                |  80% of 114.2 MiB
|■■■■■■■■■■■■■■■■■■■■■■■■■■■■■■■■■■■■■■■■■■■■■■■■■■■■■■■■■■■■■■■■■■■■■■■■        |  90% of 114.2 MiB
|■■■■■■■■■■■■■■■■■■■■■■■■■■■■■■■■■■■■■■■■■■■■■■■■■■■■■■■■■■■■■■■■■■■■■■■■■■■■■■■■| 100% of 114.2 MiB
Chrome Headless Shell 149.0.7827.55 (playwright chromium-headless-shell v1228) downloaded to /home/dineshai/.cache/ms-playwright/chromium_headless_shell-1228
